// Jest Snapshot v1, https://goo.gl/fbAQLP

exports[`Pruebas en <GifGridItem /> component Debe de mostrar < GifGridItem /> correctamente 1`] = `
<div
  className="card animate__animated animate__fadeIn"
>
  <img
    alt="Titulo"
    src="https://localhost/algo.jpg"
  />
  <p>
    Titulo
  </p>
</div>
`;
